[www.fige.psu.edu/index.html]
[www.fige.psu.edu/xmlrpc.php]
[backblue.gif]
[fade.gif]
[index.html]
[www.fige.psu.edu/wp-includes/css/dist/block-library/style.min3c21.css]
[www.fige.psu.edu/wp-content/mu-plugins/campus-files/plugins-mods/ultimate-branding/assets/admin-bar-public8ede.css]
[www.fige.psu.edu/wp-content/mu-plugins/divi-builder-additional-modules-files/dwd-map-extended/public/css/dwd-map-extended-public6bc5.css]
[www.fige.psu.edu/wp-content/plugins/social-media-widget/social_widget3c21.css]
[www.fige.psu.edu/wp-content/themes/Divi-PSU/style3c21.css]
[www.fige.psu.edu/wp-content/themes/divi/epanel/shortcodes/css/shortcodes_responsive3c21.css]
[www.fige.psu.edu/wp-content/themes/divi/includes/builder/styles/magnific_popup3c21.css]
[www.fige.psu.edu/wp-includes/css/dashicons.min3c21.css]
[www.fige.psu.edu/wp-content/mu-plugins/divi-builder-additional-modules-files/Divi-Blog-Extras/assets/css/elicus-blog3c21.css]
[www.fige.psu.edu/feed/index.html]
[www.fige.psu.edu/comments/feed/index.html]
[www.fige.psu.edu/wp-includes/js/jquery/jqueryb8ff.js]
[www.fige.psu.edu/wp-includes/js/jquery/jquery-migrate.min330a.js]
[www.fige.psu.edu/wp-content/mu-plugins/divi-builder-additional-modules-files/Divi-Blog-Extras/assets/js/elicus-blog3c21.js]
[www.fige.psu.edu/xmlrpc0db0.php]
[www.fige.psu.edu/wp-json/oembed/1.0/embed611f.json]
[www.fige.psu.edu/wp-json/index.html]
[www.google-analytics.com/analytics.js]
[www.fige.psu.edu/wp-json/oembed/1.0/embed10ea]
[cpb-us-e1.wpmucdn.com/sites.psu.edu/dist/favicon/favicon.png]
[sites.psu.edu/fige/wp-content/themes/Divi-PSU/images/logo.png]
[www.fige.psu.edu/apply/index.html]
[www.fige.psu.edu/our-team/index.html]
[sites.psu.edu/fige/files/2018/08/22180096_10100382003119674_1347271683111925528_o-2383399.jpg]
[sites.psu.edu/fige/files/2018/08/17862436_746502672183625_2352029726626072874_n-1ibedr3.jpg]
[sites.psu.edu/fige/files/2017/10/14705608_656205011213392_826681599175334482_n-2d0suv0.jpg]
[sites.psu.edu/fige/files/2018/08/14480560_344657202544020_1795339981782436231_o-1fkimsw.jpg]
[sites.psu.edu/fige/files/2018/08/17352280_731754933658399_2317559561329594967_n-203hl1c.jpg]
[sites.psu.edu/fige/files/2018/08/14516471_10208973789119936_725763288852847643_n-1q7iln8.jpg]
[www.fige.psu.edu/wp-content/themes/divi/includes/builder/scripts/frontend-builder-global-functions3c21.js]
[www.fige.psu.edu/wp-content/themes/divi/js/custom3c21.js]
[www.fige.psu.edu/wp-content/themes/divi/includes/builder/scripts/jquery.fitvids3c21.js]
[www.fige.psu.edu/wp-content/themes/divi/includes/builder/scripts/waypoints.min3c21.js]
[www.fige.psu.edu/wp-content/themes/divi/includes/builder/scripts/jquery.magnific-popup3c21.js]
[www.fige.psu.edu/wp-content/themes/divi/includes/builder/scripts/frontend-builder-scripts3c21.js]
[www.fige.psu.edu/wp-content/plugins/divi-builder/core/admin/js/commonc6da.js]
[www.fige.psu.edu/wp-includes/js/wp-embed.min3c21.js]
[www.fige.psu.edu/wp-content/themes/divi/includes/builder/scripts/jquery.easypiechart3c21.js]
[www.fige.psu.edu/index.html]
[www.fige.psu.edu/xmlrpc.html]
[www.fige.psu.edu/wp-includes/css/dist/block-library/style.min3c21.css]
[www.fige.psu.edu/wp-content/mu-plugins/campus-files/plugins-mods/ultimate-branding/assets/admin-bar-public8ede.css]
[www.fige.psu.edu/wp-content/mu-plugins/divi-builder-additional-modules-files/dwd-map-extended/public/css/dwd-map-extended-public6bc5.css]
[www.fige.psu.edu/wp-content/plugins/social-media-widget/social_widget3c21.css]
[www.fige.psu.edu/wp-content/themes/Divi-PSU/style3c21.css]
[www.fige.psu.edu/wp-content/themes/divi/epanel/shortcodes/css/shortcodes_responsive3c21.css]
[www.fige.psu.edu/wp-content/themes/divi/includes/builder/styles/magnific_popup3c21.css]
[www.fige.psu.edu/wp-content/themes/divi/style.css]
[www.fige.psu.edu/wp-includes/fonts/dashicons.eot]
[www.fige.psu.edu/wp-includes/css/dashicons.min3c21.css]
[www.fige.psu.edu/wp-content/mu-plugins/divi-builder-additional-modules-files/Divi-Blog-Extras/assets/css/elicus-blog3c21.css]
[www.fige.psu.edu/wp-includes/js/jquery/jqueryb8ff.js]
[www.fige.psu.edu/wp-includes/js/jquery/jquery-migrate.min330a.js]
[www.fige.psu.edu/wp-content/mu-plugins/divi-builder-additional-modules-files/Divi-Blog-Extras/assets/js/elicus-blog3c21.js]
[www.fige.psu.edu/xmlrpc0db0.html]
[www.fige.psu.edu/wp-json/oembed/1.0/embede3e8.json]
[www.fige.psu.edu/home/index.html]
[www.fige.psu.edu/our-program/index.html]
[www.fige.psu.edu/events/index.html]
[www.fige.psu.edu/wp-json/oembed/1.0/embed174b]
[www.fige.psu.edu/files/2017/11/Jim-Profile-2-1gxzgq4.jpg]
[www.fige.psu.edu/files/2017/11/123-27nq5ia.jpg]
[www.fige.psu.edu/files/2017/11/DSC_0799-1mlhvtn.jpg]
[www.fige.psu.edu/files/2017/11/received_1506350462763158-2g5l1ps.jpg]
[www.fige.psu.edu/files/2017/11/IMG_3971-27ysotb.jpg]
[www.fige.psu.edu/files/2017/11/17522787_1479572782055589_1997268611946123861_n-2fheham.jpg]
[www.fige.psu.edu/files/2017/11/Sumit-1mt5qre.jpg]
[www.fige.psu.edu/files/2017/10/14915525_662510867249473_6892572025394003100_n-1r79prp.jpg]
[www.fige.psu.edu/our-team/index.html]
[www.fige.psu.edu/wp-json/oembed/1.0/embed9a34.json]
[www.fige.psu.edu/apply/index.html]
[www.fige.psu.edu/wp-content/themes/divi/includes/builder/scripts/frontend-builder-global-functions3c21.js]
[www.fige.psu.edu/wp-json/oembed/1.0/embed1653]
[www.fige.psu.edu/wp-content/themes/divi/js/custom3c21.js]
[www.fige.psu.edu/wp-content/themes/divi/includes/builder/scripts/jquery.fitvids3c21.js]
[www.fige.psu.edu/wp-content/themes/divi/includes/builder/scripts/waypoints.min3c21.js]
[www.fige.psu.edu/wp-content/themes/divi/includes/builder/scripts/jquery.magnific-popup3c21.js]
[sites.psu.edu/fige/files/2017/10/14608867_10155383518114129_6877313339602341608_o-14leg1e.jpg]
[www.fige.psu.edu/wp-content/themes/divi/includes/builder/scripts/frontend-builder-scripts3c21.js]
[www.fige.psu.edu/wp-content/plugins/divi-builder/core/admin/js/commonc6da.js]
[www.fige.psu.edu/wp-includes/js/wp-embed.min3c21.js]
[www.fige.psu.edu/wp-content/themes/divi/includes/builder/scripts/jquery.easypiechart3c21.js]
[www.fige.psu.edu/wp-content/themes/divi/core/admin/fonts/modules.eot]
[sites.psu.edu/fige/files/2017/09/stock-photo-89815955-21d74vq.jpg]
[www.fige.psu.edu/wp-content/themes/divi/core/admin/fonts/modulesd41d.eot]
[www.fige.psu.edu/wp-content/themes/divi/core/admin/fonts/modules.ttf]
[www.fige.psu.edu/wp-content/themes/divi/core/admin/fonts/modules.woff]
[www.fige.psu.edu/wp-content/themes/divi/includes/builder/styles/images/subscribe-loader.gif]
[www.fige.psu.edu/wp-content/themes/divi/includes/builder/styles/images/preloader.gif]
[www.fige.psu.edu/wp-content/themes/divi/epanel/shortcodes/images/shortcodes-sprite.png]
[www.fige.psu.edu/wp-content/themes/divi/style.css]
[www.fige.psu.edu/wp-json/oembed/1.0/embedf307.json]
[www.fige.psu.edu/wp-json/oembed/1.0/embedae1b]
[www.elegantthemesimages.com/images/premade/builder-blurbs-builder.jpg]
[www.fige.psu.edu/home/index.html]
[www.fige.psu.edu/wp-json/oembed/1.0/embeda09b.json]
[www.fige.psu.edu/wp-json/oembed/1.0/embedd200]
[www.fige.psu.edu/files/2017/10/14692183_10155383515964129_4126340457452914636_o-2dp4q1d.jpg]
[www.fige.psu.edu/files/2017/10/14938290_667088183458408_6794191738645596972_n-1j7zv9n.jpg]
[www.fige.psu.edu/files/2018/08/30740993_10215822007762542_5222554247660306432_o-2bqt20v.jpg]
[www.fige.psu.edu/files/2017/10/15042107_1237155413008385_6729105631363116037_o-pjdha5.jpg]
[www.fige.psu.edu/our-program/index.html]
[www.fige.psu.edu/wp-json/oembed/1.0/embed498c.json]
[www.fige.psu.edu/files/2017/09/psucover1-16strx9.jpg]
[www.fige.psu.edu/events/index.html]
[www.fige.psu.edu/indexb50d.html]
[www.fige.psu.edu/files/2017/11/Emily-1cp9o7n.jpg]
[www.fige.psu.edu/files/2017/11/Ana-tovm20.jpg]
[www.fige.psu.edu/index5ed0.html]
[www.fige.psu.edu/maintenance/index.html]
[www.fige.psu.edu/wp-content/themes/divi/core/admin/fonts/modules.svg]
[www.fige.psu.edu/index5fb3.html]
[www.fige.psu.edu/indexd52d.html]
[www.fige.psu.edu/index0dc6.html]
[www.fige.psu.edu/wp-json/oembed/1.0/embed1386]
[www.fige.psu.edu/wp-content/themes/divi/includes/builder/scripts/jquery.mobile.custom.min3c21.js]
